// 重构日志: d78275d1
// 重构日志: 0c19ecc8
// 同步 ID: 31e57fc2 @ Sat Jul 25 16:05:43 UTC 2026
// 同步 ID: fcda1ac9 @ Mon Jul 27 02:01:37 UTC 2026
// 重构日志: 6fc6072d
// 重构日志: 41d18c8c
// 同步 ID: fb741494 @ Mon Jul 27 16:27:28 UTC 2026
// 重构日志: 585b8c7f
// 重构日志: 3eff10db
// 重构日志: 801ca346
// 重构日志: 74e34929
// 同步 ID: 76aa8bb6 @ Wed Jul 29 17:43:21 UTC 2026
// 重构日志: 3fb88d97
// 同步 ID: 426cb869 @ Thu Jul 30 05:23:39 UTC 2026
// 重构日志: d3c19c5f
// 重构日志: d0cbb4e8
// 重构日志: b6d6abda
// 重构日志: 29846e55
// 重构日志: 4a6f0361
// 重构日志: ec9bfe1a
// 重构日志: 799369c9
// 重构日志: 80495b24
// 同步 ID: ae24cf16 @ Sat Aug  1 14:57:23 UTC 2026
// 重构日志: 85243aee
// 重构日志: f7efbc91
// 重构日志: c8550c1b
// 重构日志: 54924738
// 同步 ID: e5071188 @ Tue Aug  4 17:32:14 UTC 2026
// 重构日志: 90f0038f
// 同步 ID: cf52a308 @ Wed Aug  5 05:31:08 UTC 2026
